[safemoon.com/index.html]
[backblue.gif]
[fade.gif]
[index.html]
[safemoon.com/hubfs/SFM Token Logo.png]
[safemoon.com/hs-fs/hub/23134290/hub_generated/template_assets/104670027865/1682457392385/sr/css/bootstrap.min.css]
[safemoon.com/hs-fs/hub/23134290/hub_generated/template_assets/104677289999/1682457389054/sr/css/sr-base.min.css]
[safemoon.com/hs-fs/hub/23134290/hub_generated/module_assets/104702112332/1689062615635/module_104702112332_SR_Nav_Dropdown_01.min.css]
[safemoon.com/hs-fs/hub/23134290/hub_generated/module_assets/104702112335/1685803113875/module_104702112335_SR_Hero_02.min.css]
[safemoon.com/hs-fs/hub/23134290/hub_generated/module_assets/105017157547/1677879750341/module_105017157547_SR_Cards_Grid_02.min.css]
[safemoon.com/hs-fs/hub/23134290/hub_generated/template_assets/105016759455/1682457390457/sr/css/aos.min.css]
[safemoon.com/hs-fs/hub/23134290/hub_generated/template_assets/105016759456/1682457385465/sr/css/animate.min.css]
[safemoon.com/hs-fs/hub/23134290/hub_generated/module_assets/105017157526/1677879739248/module_105017157526_SR_Cards_Features_01.min.css]
[safemoon.com/hs-fs/hub/23134290/hub_generated/module_assets/105020235688/1686714698686/module_105020235688_SR_Modal.min.css]
[safemoon.com/hs-fs/hub/23134290/hub_generated/module_assets/111369006636/1686338823667/module_111369006636_SR_Footer_01_-MVP.min.css]
[safemoon.com/_hcms/googlefonts/Poppins/regular.woff2]
[safemoon.com/_hcms/googlefonts/Poppins/regular.woff]
[safemoon.com/_hcms/googlefonts/Poppins/600.woff2]
[safemoon.com/_hcms/googlefonts/Poppins/600.woff]
[safemoon.com/_hcms/googlefonts/Poppins/300.woff2]
[safemoon.com/_hcms/googlefonts/Poppins/300.woff]
[safemoon.com/hs-fs/hub/23134290/hub_generated/template_assets/116842152810/1688674050393/sr/css/custom-home.min.css]
[safemoon.com/hs-fs/hub/23134290/hub_generated/template_assets/104677289984/1691521302938/sr/css/custom-styles.min.css]
[safemoon.com/sr/templates/partials/site_header.html]
[safemoon.com/hubfs/safemoonlogo_nav.svg]
[safemoon.com/soul.html]
[safemoon.com/products.html]
[safemoon.com/focus-map.html]
[safemoon.com/partners.html]
[safemoon.com/token-listing-apply.html]
[safemoon.com/talk.html]
[safemoon.com/hubfs/arrow.svg]
[safemoon.com/hs-fs/hubfs/app_store6c1d.png]
[safemoon.com/hs-fs/hubfs/google_storeba6d.png]
[safemoon.com/hs-fs/hubfs/Card 1-1d396.png]
[safemoon.com/cardwaitlist.html]
[safemoon.com/hubfs/shield_icon.svg]
[safemoon.com/hubfs/Right Arrow.svg]
[safemoon.com/hubfs/verifiedicon.svg]
[safemoon.com/hubfs/Gifticon.svg]
[safemoon.com/hubfs/Group3icon.svg]
[safemoon.com/privacy.html]
[safemoon.com/sr/templates/partials/site_footer.html]
[safemoon.com/hs-fs/hubfs/Globe259f.png]
[safemoon.com/terms.html]
[safemoon.com/hubfs/white_safemoon_logo.svg]
[safemoon.com/wallet.html]
[safemoon.com/branding.html]
[safemoon.com/wallet-eula.html]
[safemoon.com/disclaimer.html]
[code.jquery.com/jquery-3.6.0.min.js]
[cdn.jsdelivr.net/npm/bootstrap@4.6.0/dist/js/bootstrap.min.js]
[stats.sprocketrocket.co/js/analytics.js]
[static.hsappstatic.net/content-cwv-embed/static-1.372/embed.js]
[safemoon.com/hs/hsstatic/cos-i18n/static-1.53/bundles/project.js]
[safemoon.com/hs-fs/hub/23134290/hub_generated/template_assets/104685879639/1682457389900/sr/js/headroom.min.js]
[safemoon.com/hs-fs/hub/23134290/hub_generated/template_assets/104677289990/1682457387283/sr/js/video_embed.min.js]
[safemoon.com/hs-fs/hub/23134290/hub_generated/template_assets/105016759457/1682457387462/sr/js/aos.min.js]
[safemoon.com/hs/hsstatic/keyboard-accessible-menu-flyouts/static-1.17/bundles/project.js]
[safemoon.com/hs/scriptloader/23134290.js]
[safemoon.com/hs/hsstatic/HubspotToolsMenu/static-1.191/js/index.js]
[safemoon.com/hs-fs/hub/23134290/hub_generated/template_assets/117050380553/1684996329249/sr/js/gsap-core.min.js]
[safemoon.com/hs-fs/hub/23134290/hub_generated/template_assets/117042650247/1684995851828/sr/js/ScrollTrigger.min.js]
[safemoon.com/hs-fs/hub/23134290/hub_generated/template_assets/108177427230/1692035933026/sr/js/main.min.js]
[safemoon.com/hs-fs/hub/23134290/hub_generated/template_assets/117219281799/1686678634557/sr/js/custom-home.min.js]
[safemoon.com/index.html]
[safemoon.com/hs-fs/hub/23134290/hub_generated/template_assets/104670027865/1682457392385/sr/css/bootstrap.min.css]
[safemoon.com/hs-fs/hub/23134290/hub_generated/template_assets/104677289999/1682457389054/sr/css/sr-base.min.css]
[safemoon.com/hs-fs/hub/23134290/hub_generated/module_assets/104702112332/1689062615635/module_104702112332_SR_Nav_Dropdown_01.min.css]
[safemoon.com/hs-fs/hub/23134290/hub_generated/module_assets/104702112335/1685803113875/module_104702112335_SR_Hero_02.min.css]
[safemoon.com/hs-fs/hub/23134290/hub_generated/module_assets/105017157547/1677879750341/module_105017157547_SR_Cards_Grid_02.min.css]
[safemoon.com/hs-fs/hub/23134290/hub_generated/template_assets/105016759455/1682457390457/sr/css/aos.min.css]
[safemoon.com/hs-fs/hub/23134290/hub_generated/template_assets/105016759456/1682457385465/sr/css/animate.min.css]
[safemoon.com/hs-fs/hub/23134290/hub_generated/module_assets/105017157526/1677879739248/module_105017157526_SR_Cards_Features_01.min.css]
[safemoon.com/hs-fs/hub/23134290/hub_generated/module_assets/105020235688/1686714698686/module_105020235688_SR_Modal.min.css]
[safemoon.com/hs-fs/hub/23134290/hub_generated/module_assets/111369006636/1686338823667/module_111369006636_SR_Footer_01_-MVP.min.css]
[safemoon.com/hs-fs/hub/23134290/hub_generated/template_assets/104670027869/1682457385462/sr/js/interaction.min.js]
[23134290.fs1.hubspotusercontent-na1.net/hubfs/23134290/wallet_phones.png]
[safemoon.com/hs-fs/hub/23134290/hub_generated/template_assets/116842152810/1688674050393/sr/css/custom-home.min.css]
[safemoon.com/hs-fs/hub/23134290/hub_generated/template_assets/104677289984/1691521302938/sr/css/custom-styles.min.css]
[safemoon.com/sr/templates/partials/site_header.html]
[safemoon.com/hubfs/safemoonlogo_nav.svg]
[cdn2.hubspot.net/hub/-1/hub_generated/module_assets/-35056501883/1691767612890/module_-35056501883_Video.min.css]
[safemoon.com/hs-fs/hub/23134290/hub_generated/module_assets/104833572909/1691056190552/module_104833572909_SR_Hero_03.min.css]
[safemoon.com/hs-fs/hub/23134290/hub_generated/template_assets/116895899548/1686687940181/sr/css/custom-soul.min.css]
[safemoon.com/hubfs/earthmoonicon.svg]
[safemoon.com/hubfs/Heart.svg]
[safemoon.com/hubfs/phoneshieldicon.svg]
[safemoon.com/hubfs/Group 1533.png]
[safemoon.com/hubfs/impactcircle.svg]
[safemoon.com/hubfs/orbitalshieldicon.svg]
[safemoon.com/hubfs/WEB3LOGOWHITE.svg]
[safemoon.com/hubfs/Google-Play-logo-comparison.png]
[safemoon.com/hubfs/icon_appstore__ev0z770zyxoy_large_2x.png]
[safemoon.com/hubfs/React-icon.svg]
[safemoon.com/hubfs/GMB-Logo.png]
[safemoon.com/hubfs/1280px-Amazon_Web_Services_Logo.png]
[cdn2.hubspot.net/hub/-1/hub_generated/module_assets/-35056501883/1691767612163/module_-35056501883_Video.min.js]
[static.hsappstatic.net/video-embed/ex/loader.js]
[safemoon.com/soul.html]
[safemoon.com/hs-fs/hub/23134290/hub_generated/template_assets/120025888256/1686688000402/sr/js/custom-soul.min.js]
[safemoon.com/hs-fs/hub/23134290/hub_generated/template_assets/108865370732/1686079493737/sr/css/custom-product.min.css]
[safemoon.com/hubfs/dappsIcon-2.svg]
[safemoon.com/hubfs/product_hero.svg]
[safemoon.com/hs-fs/hubfs/SWaP_graphic1c39.png]
[safemoon.com/hubfs/pSafeMoon_to_v2_1.svg]
[safemoon.com/hubfs/psafemoon_graphic.svg]
[safemoon.com/hubfs/Bridge_graphic_1.svg]
[safemoon.com/hubfs/productsIcon-2.svg]
[safemoon.com/hs-fs/hubfs/hub_generated/resized/642855a3-f0a6-48f6-bdf9-d02728c7f0d91cfe.png]
[safemoon.com/hs/cta/cta/current.js]
[safemoon.com/hs-fs/hubfs/hub_generated/resized/e75371c8-6c9d-4362-965c-020fb503e161b6ba.png]
[safemoon.com/hubfs/walletphone_graphic.svg]
[safemoon.com/hubfs/safemoon_card.svg]
[safemoon.com/hubfs/exchangeicon.svg]
[safemoon.com/products.html]
[safemoon.com/hubfs/blockchainicon.svg]
[safemoon.com/hs-fs/hub/23134290/hub_generated/template_assets/116756838467/1686082525731/sr/css/custom-focus-map.min.css]
[safemoon.com/hubfs/reality.svg]
[safemoon.com/hubfs/orbitalshield_graphic.svg]
[safemoon.com/hubfs/intention.svg]
[safemoon.com/hubfs/resetFilter.svg]
[safemoon.com/focus-map.html]
[safemoon.com/hs-fs/hub/23134290/hub_generated/template_assets/116774334784/1688576466328/sr/js/custom-focus-map.min.js]
[safemoon.com/hs-fs/hub/23134290/hub_generated/module_assets/105008867764/1677879845635/module_105008867764_SR_Hero_01.min.css]
[23134290.fs1.hubspotusercontent-na1.net/hub/23134290/hubfs/AdobeStock_2669673441391.jpg]
[23134290.fs1.hubspotusercontent-na1.net/hub/23134290/hubfs/AdobeStock_266967344e6e2.jpg]
[safemoon.com/hs-fs/hub/23134290/hub_generated/template_assets/120972480163/1689093079647/sr/css/custom-partner-list.min.css]
[safemoon.com/hubfs/Arrow Swap Horizontal.svg]
[safemoon.com/hs-fs/hubfs/whitemail (2) 1ed31.png]
[safemoon.com/hs-fs/hubfs/Twitter Icon59b6.png]
[safemoon.com/hs-fs/hubfs/telegram iconb2e9.png]
[unpkg.com/axios/dist/axios.min.7a.delayed]
[unpkg.com/axios@1.4.0/dist/axios.min.js]
[safemoon.com/partners.html]
[safemoon.com/hs-fs/hub/23134290/hub_generated/template_assets/120971818536/1689093062515/sr/js/custom-partner-list.min.js]
[safemoon.com/hs-fs/hub/23134290/hub_generated/template_assets/116896748915/1686684706453/sr/css/custom-token-listing.min.css]
[safemoon.com/hs-fs/hub/23134290/hub_generated/template_assets/119582043288/1686329310612/sr/css/iziToast.min.css]
[safemoon.com/hs-fs/hubfs/image 510a21.png]
[safemoon.com/hs-fs/hub/23134290/hub_generated/module_assets/104704071996/1681240539963/module_104704071996_SR_Element_Form.min.js]
[safemoon.com/_hcms/forms/v2.js]
[safemoon.com/hs-fs/hub/23134290/hub_generated/template_assets/119240060162/1686926418954/sr/js/custom-token-apply.min.js]
[safemoon.com/hs-fs/hub/23134290/hub_generated/template_assets/119582043284/1686327633878/sr/js/iziToast.min.js]
[safemoon.com/token-listing-apply.html]
[safemoon.com/hs-fs/hub/23134290/hub_generated/template_assets/119918663187/1686628723299/sr/js/web3.min.js]
[23134290.fs1.hubspotusercontent-na1.net/hub/23134290/hubfs/talk_hero8b23.png]
[23134290.fs1.hubspotusercontent-na1.net/hub/23134290/hubfs/talk_heroca23.png]
[safemoon.com/hs-fs/hub/23134290/hub_generated/template_assets/116896748873/1686650145569/sr/css/custom-talk.min.css]
[safemoon.com/hubfs/Arrow Icon.svg]
[safemoon.com/hubfs/Discord_Icon.svg]
[safemoon.com/hubfs/Facebook_Icon.svg]
[safemoon.com/hubfs/Reddit_Icon.svg]
[safemoon.com/hubfs/Twitter_Icon.svg]
[safemoon.com/hubfs/Youtube_Icon.svg]
[safemoon.com/hubfs/Instagram_Icon.svg]
[safemoon.com/hubfs/Twitch_icon.svg]
[safemoon.com/hubfs/telegram_icon.svg]
[safemoon.com/hs-fs/hubfs/press_namesde88.png]
[safemoon.com/talk.html]
[safemoon.com/hubfs/arrow.svg]
[safemoon.com/hs-fs/hub/23134290/hub_generated/template_assets/119347707451/1686734106882/sr/js/custom-talk.min.js]
[safemoon.com/hs-fs/hub/23134290/hub_generated/template_assets/118757358946/1686754980761/sr/css/custom-cardwaitlist.min.css]
[safemoon.com/hs-fs/hub/23134290/hub_generated/template_assets/118759597995/1686369015627/sr/css/cardwaitlist/d5b1adc3626fdad1.min.css]
[safemoon.com/hs-fs/hub/23134290/hub_generated/template_assets/118759597994/1685908839455/sr/css/cardwaitlist/7d56a6a1dbe47a42.min.css]
[www.google.com/recaptcha/api.js]
[safemoon.com/hubfs/cardwaitlist/card-front.png]
[safemoon.com/hubfs/cardwaitlist/arrow.png]
[safemoon.com/hubfs/cardwaitlist/check-icon.png]
[safemoon.com/hubfs/cardwaitlist/card-layer-1.png]
[safemoon.com/hubfs/cardwaitlist/card-layer22.png]
[safemoon.com/hubfs/cardwaitlist/card-layer32.png]
[safemoon.com/hubfs/cardwaitlist/card-layer42.png]
[safemoon.com/hubfs/cardwaitlist/card-layer52.png]
[safemoon.com/hubfs/cardwaitlist/card-bg.png]
[safemoon.com/hubfs/cardwaitlist/back-card.png]
[safemoon.com/hubfs/cardwaitlist/hand.png]
[safemoon.com/hubfs/cardwaitlist/card.png]
[safemoon.com/hubfs/cardwaitlist/thumb.png]
[safemoon.com/_https_/safemoon.com/arcard/_]
[safemoon.com/hubfs/cardwaitlist/bscscan.png]
[safemoon.com/hubfs/cardwaitlist/certik.png]
[safemoon.com/hubfs/cardwaitlist/coinmarketcap2.svg]
[safemoon.com/hubfs/cardwaitlist/coingecko.png]
[safemoon.com/hubfs/cardwaitlist/watcher.png]
[safemoon.com/cardwaitlist.html]
[safemoon.com/hubfs/shield_icon.svg]
[safemoon.com/hubfs/Right Arrow.svg]
[safemoon.com/hubfs/verifiedicon.svg]
[safemoon.com/hubfs/Gifticon.svg]
[safemoon.com/hubfs/Group3icon.svg]
[safemoon.com/hs-fs/hub/23134290/hub_generated/template_assets/118901602449/1686598951337/sr/js/custom-cardwaitlist.min.js]
[safemoon.com/privacy.html]
[safemoon.com/sr/templates/partials/site_footer.html]
[safemoon.com/hs-fs/hub/23134290/hub_generated/template_assets/120377753724/1686889829987/sr/js/custom-privacy.min.js]
[safemoon.com/terms.html]
[safemoon.com/indexc6eb.html]
[safemoon.com/hubfs/white_safemoon_logo.svg]
[safemoon.com/hs-fs/hub/23134290/hub_generated/template_assets/120376692399/1686889838850/sr/js/custom-terms.min.js]
[safemoon.com/hs-fs/hubfs/dna8a02.gif]
[safemoon.com/wallet.html]
[safemoon.com/hs-fs/hubfs/logo5118.gif]
[safemoon.com/hs-fs/hubfs/logo-1d37f.png]
[safemoon.com/hubfs/logo_dark.svg]
[safemoon.com/hubfs/logo.svg]
[safemoon.com/hubfs/rainbow.svg]
[safemoon.com/hubfs/pink.svg]
[safemoon.com/hubfs/black.svg]
[safemoon.com/hubfs/gold.svg]
[safemoon.com/hubfs/Screen Shot 2023-02-20 at 3.37 1.svg]
[safemoon.com/branding.html]
[safemoon.com/wallet-eula.html]
[safemoon.com/disclaimer.html]
[cdn2.hubspot.net/hub/-1/hub_generated/module_assets/-35056501883/1691767612890/module_-35056501883_Video.min.css]
[safemoon.com/hs-fs/hub/23134290/hub_generated/module_assets/104833572909/1691056190552/module_104833572909_SR_Hero_03.min.css]
[safemoon.com/hs-fs/hub/23134290/hub_generated/template_assets/116895899548/1686687940181/sr/css/custom-soul.min.css]
[safemoon.com/hubfs/earthmoonicon.svg]
[safemoon.com/hubfs/Heart.svg]
[safemoon.com/hubfs/phoneshieldicon.svg]
[safemoon.com/hubfs/impactcircle.svg]
[safemoon.com/hubfs/orbitalshieldicon.svg]
[safemoon.com/hubfs/WEB3LOGOWHITE.svg]
[safemoon.com/hubfs/React-icon.svg]
[safemoon.com/hs-fs/hub/23134290/hub_generated/template_assets/108865370732/1686079493737/sr/css/custom-product.min.css]
[safemoon.com/hubfs/product_hero.svg]
[safemoon.com/hubfs/dappsIcon-2.svg]
[safemoon.com/hubfs/Bridge_graphic_1.svg]
[safemoon.com/hubfs/pSafeMoon_to_v2_1.svg]
[safemoon.com/hubfs/psafemoon_graphic.svg]
[safemoon.com/hubfs/walletphone_graphic.svg]
[safemoon.com/hubfs/productsIcon-2.svg]
[safemoon.com/hubfs/orbitalshield_graphic.svg]
[safemoon.com/hubfs/safemoon_card.svg]
[safemoon.com/hubfs/exchangeicon.svg]
[safemoon.com/hubfs/blockchainicon.svg]
[safemoon.com/hs-fs/hub/23134290/hub_generated/template_assets/116756838467/1686082525731/sr/css/custom-focus-map.min.css]
[safemoon.com/hubfs/reality.svg]
[safemoon.com/hubfs/intention.svg]
[safemoon.com/hubfs/resetFilter.svg]
[safemoon.com/hs-fs/hub/23134290/hub_generated/module_assets/105008867764/1677879845635/module_105008867764_SR_Hero_01.min.css]
[safemoon.com/hs-fs/hub/23134290/hub_generated/template_assets/120972480163/1689093079647/sr/css/custom-partner-list.min.css]
[safemoon.com/hubfs/Arrow Swap Horizontal.svg]
[safemoon.com/hs-fs/hub/23134290/hub_generated/template_assets/116896748915/1686684706453/sr/css/custom-token-listing.min.css]
[safemoon.com/hs-fs/hub/23134290/hub_generated/template_assets/119582043288/1686329310612/sr/css/iziToast.min.css]
[safemoon.com/hs-fs/hub/23134290/hub_generated/template_assets/116896748873/1686650145569/sr/css/custom-talk.min.css]
[safemoon.com/hubfs/Arrow Icon.svg]
[safemoon.com/hubfs/Discord_Icon.svg]
[safemoon.com/hubfs/Facebook_Icon.svg]
[safemoon.com/hubfs/Reddit_Icon.svg]
[safemoon.com/hubfs/Twitter_Icon.svg]
[safemoon.com/hubfs/Youtube_Icon.svg]
[safemoon.com/hubfs/Instagram_Icon.svg]
[safemoon.com/hubfs/Twitch_icon.svg]
[safemoon.com/hubfs/telegram_icon.svg]
[safemoon.com/hs-fs/hub/23134290/hub_generated/template_assets/118757358946/1686754980761/sr/css/custom-cardwaitlist.min.css]
[safemoon.com/_next/static/media/ajax-loader.0b80f665.gif]
[safemoon.com/_next/static/media/slick.25572f22.eot]
[safemoon.com/_next/static/media/slick.25572f22d41d.eot]
[safemoon.com/_next/static/media/slick.653a4cbb.woff]
[safemoon.com/_next/static/media/slick.6aa1ee46.ttf]
[safemoon.com/_next/static/media/slick.f895cfdf.svg]
[safemoon.com/fonts/ProximaNova-Regular.otf]
[safemoon.com/fonts/ProximaNova-Thin.otf]
[safemoon.com/fonts/ProximaNova-Extrabold.otf]
[safemoon.com/fonts/ProximaNova-Bold.otf]
[safemoon.com/_next/static/media/token.66f73762.png]
[safemoon.com/_next/static/media/fa-brands-400.186e509b.eot]
[safemoon.com/_next/static/media/fa-brands-400.186e509bd41d.eot]
[safemoon.com/_next/static/media/fa-brands-400.9cd8957b.woff2]
[safemoon.com/_next/static/media/fa-brands-400.b66727b4.woff]
[safemoon.com/_next/static/media/fa-brands-400.72bb28ad.ttf]
[safemoon.com/_next/static/media/fa-brands-400.6563c66d.svg]
[safemoon.com/_next/static/media/fa-duotone-900.71fbe927.eot]
[safemoon.com/_next/static/media/fa-duotone-900.71fbe927d41d.eot]
[safemoon.com/_next/static/media/fa-duotone-900.66ed5a89.woff2]
[safemoon.com/_next/static/media/fa-duotone-900.141b12a3.woff]
[safemoon.com/_next/static/media/fa-duotone-900.1a2d7c35.ttf]
[safemoon.com/_next/static/media/fa-duotone-900.4c1c60ea.svg]
[safemoon.com/_next/static/media/fa-light-300.66374aa8.eot]
[safemoon.com/_next/static/media/fa-light-300.66374aa8d41d.eot]
[safemoon.com/_next/static/media/fa-light-300.9dcd8cc9.woff2]
[safemoon.com/_next/static/media/fa-light-300.c0399593.woff]
[safemoon.com/_next/static/media/fa-light-300.1ce3c6e1.ttf]
[safemoon.com/_next/static/media/fa-light-300.a274a1fa.svg]
[safemoon.com/_next/static/media/fa-regular-400.bbdd7f9e.eot]
[safemoon.com/_next/static/media/fa-regular-400.bbdd7f9ed41d.eot]
[safemoon.com/_next/static/media/fa-regular-400.0a90271d.woff2]
[safemoon.com/_next/static/media/fa-regular-400.dffe61fe.woff]
[safemoon.com/_next/static/media/fa-regular-400.b70a92fb.ttf]
[safemoon.com/_next/static/media/fa-regular-400.87dd7755.svg]
[safemoon.com/_next/static/media/fa-solid-900.328d98ff.eot]
[safemoon.com/_next/static/media/fa-solid-900.328d98ffd41d.eot]
[safemoon.com/_next/static/media/fa-solid-900.ed22a484.woff2]
[safemoon.com/_next/static/media/fa-solid-900.feec2ec3.woff]
[safemoon.com/_next/static/media/fa-solid-900.6c7f21d6.ttf]
[safemoon.com/_next/static/media/fa-solid-900.5f59ddf3.svg]
[safemoon.com/hs-fs/hub/23134290/hub_generated/template_assets/118759597995/1686369015627/sr/css/cardwaitlist/d5b1adc3626fdad1.min.css]
[safemoon.com/hs-fs/hub/23134290/hub_generated/template_assets/118759597994/1685908839455/sr/css/cardwaitlist/7d56a6a1dbe47a42.min.css]
[safemoon.com/_https_/safemoon.com/arcard/_.html]
[safemoon.com/hubfs/cardwaitlist/coinmarketcap2.svg]
[safemoon.com/hs-fs/hub/23134290/hub_generated/template_assets/120343009927/1686843686181/sr/css/custom-privacy.min.css]
[safemoon.com/hs-fs/hub/23134290/hub_generated/template_assets/120342319378/1686843702498/sr/css/custom-terms.min.css]
[safemoon.com/hubfs/logo_dark.svg]
[safemoon.com/hubfs/logo.svg]
[safemoon.com/hubfs/rainbow.svg]
[safemoon.com/hubfs/pink.svg]
[safemoon.com/hubfs/black.svg]
[safemoon.com/hubfs/gold.svg]
[safemoon.com/hubfs/Screen Shot 2023-02-20 at 3.37 1.svg]
[safemoon.com/_next/static/media/ajax-loader.0b80f665.html]
[safemoon.com/_next/static/media/slick.25572f22.html]
[safemoon.com/_next/static/media/slick.25572f22d41d.html]
[safemoon.com/_next/static/media/slick.653a4cbb.html]
[safemoon.com/_next/static/media/slick.6aa1ee46.html]
[safemoon.com/_next/static/media/slick.f895cfdf.html]
[safemoon.com/fonts/ProximaNova-Regular.html]
[safemoon.com/fonts/ProximaNova-Thin.html]
[safemoon.com/fonts/ProximaNova-Extrabold.html]
[safemoon.com/fonts/ProximaNova-Bold.html]
[safemoon.com/_next/static/media/token.66f73762.html]
[safemoon.com/_next/static/media/fa-brands-400.186e509b.html]
[safemoon.com/_next/static/media/fa-brands-400.186e509bd41d.html]
[safemoon.com/_next/static/media/fa-brands-400.9cd8957b.html]
[safemoon.com/_next/static/media/fa-brands-400.b66727b4.html]
[safemoon.com/_next/static/media/fa-brands-400.72bb28ad.html]
[safemoon.com/_next/static/media/fa-brands-400.6563c66d.html]
[safemoon.com/_next/static/media/fa-duotone-900.71fbe927.html]
[safemoon.com/_next/static/media/fa-duotone-900.71fbe927d41d.html]
[safemoon.com/_next/static/media/fa-duotone-900.66ed5a89.html]
[safemoon.com/_next/static/media/fa-duotone-900.141b12a3.html]
[safemoon.com/_next/static/media/fa-duotone-900.1a2d7c35.html]
[safemoon.com/_next/static/media/fa-duotone-900.4c1c60ea.html]
[safemoon.com/_next/static/media/fa-light-300.66374aa8.html]
[safemoon.com/_next/static/media/fa-light-300.66374aa8d41d.html]
[safemoon.com/_next/static/media/fa-light-300.9dcd8cc9.html]
[safemoon.com/_next/static/media/fa-light-300.c0399593.html]
[safemoon.com/_next/static/media/fa-light-300.1ce3c6e1.html]
[safemoon.com/_next/static/media/fa-light-300.a274a1fa.html]
[safemoon.com/_next/static/media/fa-regular-400.bbdd7f9e.html]
[safemoon.com/_next/static/media/fa-regular-400.bbdd7f9ed41d.html]
[safemoon.com/_next/static/media/fa-regular-400.0a90271d.html]
[safemoon.com/_next/static/media/fa-regular-400.dffe61fe.html]
[safemoon.com/_next/static/media/fa-regular-400.b70a92fb.html]
[safemoon.com/_next/static/media/fa-regular-400.87dd7755.html]
[safemoon.com/_next/static/media/fa-solid-900.328d98ff.html]
[safemoon.com/_next/static/media/fa-solid-900.328d98ffd41d.html]
[safemoon.com/_next/static/media/fa-solid-900.ed22a484.html]
[safemoon.com/_next/static/media/fa-solid-900.feec2ec3.html]
[safemoon.com/_next/static/media/fa-solid-900.6c7f21d6.html]
[safemoon.com/_next/static/media/fa-solid-900.5f59ddf3.html]
